

================================================================
== Vitis HLS Report for 'cordiccart2pol'
================================================================
* Date:           Tue Oct 21 22:15:21 2025

* Version:        2024.2 (Build 5238294 on Nov  8 2024)
* Project:        cordiccart2pol
* Solution:       hls (Vivado IP Flow Target)
* Product family: zynq
* Target device:  xc7z020-clg400-1


================================================================
== Performance Estimates
================================================================
+ Timing: 
    * Summary: 
    +--------+----------+----------+------------+
    |  Clock |  Target  | Estimated| Uncertainty|
    +--------+----------+----------+------------+
    |ap_clk  |  10.00 ns|  9.575 ns|     2.70 ns|
    +--------+----------+----------+------------+

+ Latency: 
    * Summary: 
    +---------+---------+----------+----------+-----+-----+---------+
    |  Latency (cycles) |  Latency (absolute) |  Interval | Pipeline|
    |   min   |   max   |    min   |    max   | min | max |   Type  |
    +---------+---------+----------+----------+-----+-----+---------+
    |       27|       27|  0.270 us|  0.270 us|   28|   28|       no|
    +---------+---------+----------+----------+-----+-----+---------+

    + Detail: 
        * Instance: 
        +----------------------------------------------------+-----------------------------------------+---------+---------+----------+----------+-----+-----+------------------------------------------------+
        |                                                    |                                         |  Latency (cycles) |  Latency (absolute) |  Interval |                    Pipeline                    |
        |                      Instance                      |                  Module                 |   min   |   max   |    min   |    max   | min | max |                      Type                      |
        +----------------------------------------------------+-----------------------------------------+---------+---------+----------+----------+-----+-----+------------------------------------------------+
        |grp_cordiccart2pol_Pipeline_VITIS_LOOP_89_3_fu_190  |cordiccart2pol_Pipeline_VITIS_LOOP_89_3  |       18|       18|  0.180 us|  0.180 us|   16|   16|  loop auto-rewind stp (delay=0 clock cycles(s))|
        +----------------------------------------------------+-----------------------------------------+---------+---------+----------+----------+-----+-----+------------------------------------------------+

        * Loop: 
        N/A



================================================================
== Utilization Estimates
================================================================
* Summary: 
+-----------------+---------+-----+--------+-------+-----+
|       Name      | BRAM_18K| DSP |   FF   |  LUT  | URAM|
+-----------------+---------+-----+--------+-------+-----+
|DSP              |        -|    -|       -|      -|    -|
|Expression       |        -|    -|       0|   1530|    -|
|FIFO             |        -|    -|       -|      -|    -|
|Instance         |        -|    3|      60|    434|    -|
|Memory           |        -|    -|       -|      -|    -|
|Multiplexer      |        -|    -|       0|     59|    -|
|Register         |        -|    -|     603|      -|    -|
+-----------------+---------+-----+--------+-------+-----+
|Total            |        0|    3|     663|   2023|    0|
+-----------------+---------+-----+--------+-------+-----+
|Available        |      280|  220|  106400|  53200|    0|
+-----------------+---------+-----+--------+-------+-----+
|Utilization (%)  |        0|    1|      ~0|      3|    0|
+-----------------+---------+-----+--------+-------+-----+

+ Detail: 
    * Instance: 
    +----------------------------------------------------+-----------------------------------------+---------+----+----+-----+-----+
    |                      Instance                      |                  Module                 | BRAM_18K| DSP| FF | LUT | URAM|
    +----------------------------------------------------+-----------------------------------------+---------+----+----+-----+-----+
    |grp_cordiccart2pol_Pipeline_VITIS_LOOP_89_3_fu_190  |cordiccart2pol_Pipeline_VITIS_LOOP_89_3  |        0|   2|  60|  349|    0|
    |ctlz_12_12_1_1_U20                                  |ctlz_12_12_1_1                           |        0|   0|   0|   13|    0|
    |ctlz_12_12_1_1_U22                                  |ctlz_12_12_1_1                           |        0|   0|   0|   11|    0|
    |fpext_32ns_64_2_no_dsp_1_U13                        |fpext_32ns_64_2_no_dsp_1                 |        0|   0|   0|    0|    0|
    |fpext_32ns_64_2_no_dsp_1_U14                        |fpext_32ns_64_2_no_dsp_1                 |        0|   0|   0|    0|    0|
    |mul_12s_11ns_22_1_1_U21                             |mul_12s_11ns_22_1_1                      |        0|   1|   0|    6|    0|
    |sparsemux_7_2_11_1_1_U17                            |sparsemux_7_2_11_1_1                     |        0|   0|   0|    9|    0|
    |sparsemux_7_2_11_1_1_U18                            |sparsemux_7_2_11_1_1                     |        0|   0|   0|    9|    0|
    |sparsemux_7_2_11_1_1_U19                            |sparsemux_7_2_11_1_1                     |        0|   0|   0|    9|    0|
    |sparsemux_9_3_12_1_1_U15                            |sparsemux_9_3_12_1_1                     |        0|   0|   0|   14|    0|
    |sparsemux_9_3_12_1_1_U16                            |sparsemux_9_3_12_1_1                     |        0|   0|   0|   14|    0|
    +----------------------------------------------------+-----------------------------------------+---------+----+----+-----+-----+
    |Total                                               |                                         |        0|   3|  60|  434|    0|
    +----------------------------------------------------+-----------------------------------------+---------+----+----+-----+-----+

    * DSP: 
    N/A

    * Memory: 
    N/A

    * FIFO: 
    N/A

    * Expression: 
    +---------------------------+----------+----+---+-----+------------+------------+
    |       Variable Name       | Operation| DSP| FF| LUT | Bitwidth P0| Bitwidth P1|
    +---------------------------+----------+----+---+-----+------------+------------+
    |add_ln127_1_fu_1081_p2     |         +|   0|  0|   15|           8|           8|
    |add_ln127_fu_1020_p2       |         +|   0|  0|   13|           5|           4|
    |add_ln128_1_fu_956_p2      |         +|   0|  0|   15|           8|           8|
    |add_ln128_fu_848_p2        |         +|   0|  0|   13|           5|           4|
    |add_ln59_fu_311_p2         |         +|   0|  0|   12|          11|           5|
    |add_ln60_fu_389_p2         |         +|   0|  0|   12|          11|           5|
    |sub_ln127_1_fu_1072_p2     |         -|   0|  0|   13|           2|           5|
    |sub_ln127_fu_993_p2        |         -|   0|  0|   12|           1|          11|
    |sub_ln128_1_fu_947_p2      |         -|   0|  0|   13|           2|           5|
    |sub_ln128_fu_822_p2        |         -|   0|  0|   12|           1|          12|
    |sub_ln59_1_fu_295_p2       |         -|   0|  0|   12|          11|          12|
    |sub_ln59_2_fu_317_p2       |         -|   0|  0|   12|           4|          11|
    |sub_ln59_fu_277_p2         |         -|   0|  0|   61|           1|          54|
    |sub_ln60_1_fu_373_p2       |         -|   0|  0|   12|          11|          12|
    |sub_ln60_2_fu_395_p2       |         -|   0|  0|   12|           4|          11|
    |sub_ln60_fu_355_p2         |         -|   0|  0|   61|           1|          54|
    |x_2_ph_fu_713_p6           |         -|   0|  0|   12|           1|          11|
    |x_abs_fu_794_p2            |         -|   0|  0|   12|           1|          11|
    |y_2_ph_fu_734_p4           |         -|   0|  0|   12|           1|          11|
    |pi_assign_1_fu_969_p5      |      1003|   0|  0|    2|          64|           9|
    |pi_assign_fu_1094_p5       |      1003|   0|  0|    2|          64|           9|
    |and_ln59_1_fu_492_p2       |       and|   0|  0|    2|           1|           1|
    |and_ln59_fu_477_p2         |       and|   0|  0|    2|           1|           1|
    |and_ln60_1_fu_570_p2       |       and|   0|  0|    2|           1|           1|
    |and_ln60_fu_555_p2         |       and|   0|  0|    2|           1|           1|
    |and_ln67_fu_699_p2         |       and|   0|  0|    2|           1|           1|
    |ashr_ln59_fu_434_p2        |      ashr|   0|  0|  161|          54|          54|
    |ashr_ln60_fu_512_p2        |      ashr|   0|  0|  161|          54|          54|
    |icmp_ln127_fu_891_p2       |      icmp|   0|  0|   12|          12|           1|
    |icmp_ln128_fu_808_p2       |      icmp|   0|  0|   12|          12|           1|
    |icmp_ln59_1_fu_305_p2      |      icmp|   0|  0|   12|          12|           4|
    |icmp_ln59_2_fu_331_p2      |      icmp|   0|  0|   12|          12|           4|
    |icmp_ln59_3_fu_419_p2      |      icmp|   0|  0|   12|          11|           6|
    |icmp_ln59_4_fu_451_p2      |      icmp|   0|  0|   12|          11|           4|
    |icmp_ln59_fu_290_p2        |      icmp|   0|  0|   70|          63|           1|
    |icmp_ln60_1_fu_383_p2      |      icmp|   0|  0|   12|          12|           4|
    |icmp_ln60_2_fu_409_p2      |      icmp|   0|  0|   12|          12|           4|
    |icmp_ln60_3_fu_497_p2      |      icmp|   0|  0|   12|          11|           6|
    |icmp_ln60_4_fu_529_p2      |      icmp|   0|  0|   12|          11|           4|
    |icmp_ln60_fu_368_p2        |      icmp|   0|  0|   70|          63|           1|
    |or_ln59_fu_482_p2          |        or|   0|  0|    2|           1|           1|
    |or_ln60_fu_560_p2          |        or|   0|  0|    2|           1|           1|
    |r_out                      |    select|   0|  0|   32|           1|           1|
    |select_ln123_fu_800_p3     |    select|   0|  0|   11|           1|          11|
    |select_ln127_1_fu_1064_p3  |    select|   0|  0|    7|           1|           7|
    |select_ln127_fu_998_p3     |    select|   0|  0|   11|           1|          11|
    |select_ln128_1_fu_939_p3   |    select|   0|  0|    7|           1|           7|
    |select_ln128_fu_828_p3     |    select|   0|  0|   12|           1|          12|
    |select_ln59_1_fu_323_p3    |    select|   0|  0|   11|           1|          11|
    |select_ln59_2_fu_443_p3    |    select|   0|  0|   12|           1|          12|
    |select_ln59_3_fu_464_p3    |    select|   0|  0|   12|           1|          12|
    |select_ln59_4_fu_424_p3    |    select|   0|  0|    2|           1|           2|
    |select_ln59_fu_283_p3      |    select|   0|  0|   54|           1|          54|
    |select_ln60_1_fu_401_p3    |    select|   0|  0|   11|           1|          11|
    |select_ln60_2_fu_521_p3    |    select|   0|  0|   12|           1|          12|
    |select_ln60_3_fu_542_p3    |    select|   0|  0|   12|           1|          12|
    |select_ln60_4_fu_502_p3    |    select|   0|  0|    2|           1|           2|
    |select_ln60_fu_361_p3      |    select|   0|  0|   54|           1|          54|
    |theta_out                  |    select|   0|  0|   32|           1|           1|
    |shl_ln127_fu_1032_p2       |       shl|   0|  0|  116|          36|          36|
    |shl_ln128_fu_911_p2        |       shl|   0|  0|  120|          37|          37|
    |shl_ln59_fu_459_p2         |       shl|   0|  0|   26|          12|          12|
    |shl_ln60_fu_537_p2         |       shl|   0|  0|   26|          12|          12|
    |xor_ln59_1_fu_486_p2       |       xor|   0|  0|    2|           1|           2|
    |xor_ln59_fu_472_p2         |       xor|   0|  0|    2|           1|           2|
    |xor_ln60_1_fu_564_p2       |       xor|   0|  0|    2|           1|           2|
    |xor_ln60_fu_550_p2         |       xor|   0|  0|    2|           1|           2|
    |xor_ln65_fu_693_p2         |       xor|   0|  0|    2|           1|           2|
    |xor_ln67_fu_675_p2         |       xor|   0|  0|    2|           1|           2|
    +---------------------------+----------+----+---+-----+------------+------------+
    |Total                      |          |   0|  0| 1530|         694|         768|
    +---------------------------+----------+----+---+-----+------------+------------+

    * Multiplexer: 
    +-----------+----+-----------+-----+-----------+
    |    Name   | LUT| Input Size| Bits| Total Bits|
    +-----------+----+-----------+-----+-----------+
    |ap_NS_fsm  |  59|         11|    1|         11|
    +-----------+----+-----------+-----+-----------+
    |Total      |  59|         11|    1|         11|
    +-----------+----+-----------+-----+-----------+

    * Register: 
    +-----------------------------------------------------------------+----+----+-----+-----------+
    |                               Name                              | FF | LUT| Bits| Const Bits|
    +-----------------------------------------------------------------+----+----+-----+-----------+
    |add_ln127_reg_1368                                               |   5|   0|    5|          0|
    |add_ln128_reg_1336                                               |   5|   0|    5|          0|
    |and_ln59_1_reg_1271                                              |   1|   0|    1|          0|
    |and_ln59_reg_1266                                                |   1|   0|    1|          0|
    |and_ln60_1_reg_1291                                              |   1|   0|    1|          0|
    |and_ln60_reg_1286                                                |   1|   0|    1|          0|
    |ap_CS_fsm                                                        |  10|   0|   10|          0|
    |grp_cordiccart2pol_Pipeline_VITIS_LOOP_89_3_fu_190_ap_start_reg  |   1|   0|    1|          0|
    |icmp_ln127_reg_1347                                              |   1|   0|    1|          0|
    |icmp_ln128_reg_1316                                              |   1|   0|    1|          0|
    |icmp_ln59_1_reg_1194                                             |   1|   0|    1|          0|
    |icmp_ln59_2_reg_1207                                             |   1|   0|    1|          0|
    |icmp_ln59_reg_1187                                               |   1|   0|    1|          0|
    |icmp_ln60_1_reg_1231                                             |   1|   0|    1|          0|
    |icmp_ln60_2_reg_1244                                             |   1|   0|    1|          0|
    |icmp_ln60_reg_1224                                               |   1|   0|    1|          0|
    |r_cast_reg_1341                                                  |  11|   0|   11|          0|
    |select_ln123_reg_1311                                            |  11|   0|   11|          0|
    |select_ln127_reg_1358                                            |  11|   0|   11|          0|
    |select_ln128_reg_1326                                            |  12|   0|   12|          0|
    |select_ln59_1_reg_1199                                           |  11|   0|   11|          0|
    |select_ln59_2_reg_1256                                           |  12|   0|   12|          0|
    |select_ln59_3_reg_1261                                           |  12|   0|   12|          0|
    |select_ln59_reg_1182                                             |  54|   0|   54|          0|
    |select_ln60_1_reg_1236                                           |  11|   0|   11|          0|
    |select_ln60_2_reg_1276                                           |  12|   0|   12|          0|
    |select_ln60_3_reg_1281                                           |  12|   0|   12|          0|
    |select_ln60_reg_1219                                             |  54|   0|   54|          0|
    |tmp_13_reg_1321                                                  |   1|   0|    1|          0|
    |tmp_2_reg_1151                                                   |  11|   0|   11|          0|
    |tmp_3_reg_1166                                                   |   1|   0|    1|          0|
    |tmp_6_reg_1172                                                   |  11|   0|   11|          0|
    |tmp_8_reg_1352                                                   |   1|   0|    1|          0|
    |tmp_reg_1145                                                     |   1|   0|    1|          0|
    |trunc_ln127_reg_1363                                             |   5|   0|    5|          0|
    |trunc_ln128_reg_1331                                             |   5|   0|    5|          0|
    |trunc_ln59_1_reg_1156                                            |  52|   0|   52|          0|
    |trunc_ln59_3_reg_1213                                            |  12|   0|   12|          0|
    |trunc_ln59_reg_1140                                              |  63|   0|   63|          0|
    |trunc_ln60_1_reg_1177                                            |  52|   0|   52|          0|
    |trunc_ln60_3_reg_1250                                            |  12|   0|   12|          0|
    |trunc_ln60_reg_1161                                              |  63|   0|   63|          0|
    |x_2_ph_reg_1296                                                  |  11|   0|   11|          0|
    |x_next_loc_fu_156                                                |  12|   0|   12|          0|
    |y_2_ph_reg_1301                                                  |  11|   0|   11|          0|
    |z_next_loc_fu_160                                                |  12|   0|   12|          0|
    |z_ph_reg_1306                                                    |  11|   0|   11|          0|
    +-----------------------------------------------------------------+----+----+-----+-----------+
    |Total                                                            | 603|   0|  603|          0|
    +-----------------------------------------------------------------+----+----+-----+-----------+



================================================================
== Interface
================================================================
* Summary: 
+------------------+-----+-----+------------+----------------+--------------+
|     RTL Ports    | Dir | Bits|  Protocol  |  Source Object |    C Type    |
+------------------+-----+-----+------------+----------------+--------------+
|ap_clk            |   in|    1|  ap_ctrl_hs|  cordiccart2pol|  return value|
|ap_rst            |   in|    1|  ap_ctrl_hs|  cordiccart2pol|  return value|
|ap_start          |   in|    1|  ap_ctrl_hs|  cordiccart2pol|  return value|
|ap_done           |  out|    1|  ap_ctrl_hs|  cordiccart2pol|  return value|
|ap_idle           |  out|    1|  ap_ctrl_hs|  cordiccart2pol|  return value|
|ap_ready          |  out|    1|  ap_ctrl_hs|  cordiccart2pol|  return value|
|x_in              |   in|   32|     ap_none|            x_in|        scalar|
|y_in              |   in|   32|     ap_none|            y_in|        scalar|
|r_out             |  out|   32|      ap_vld|           r_out|       pointer|
|r_out_ap_vld      |  out|    1|      ap_vld|           r_out|       pointer|
|theta_out         |  out|   32|      ap_vld|       theta_out|       pointer|
|theta_out_ap_vld  |  out|    1|      ap_vld|       theta_out|       pointer|
+------------------+-----+-----+------------+----------------+--------------+

